// 同步 ID: a0d07b27 @ Mon Jul 27 01:45:57 UTC 2026
// 同步 ID: 9547a646 @ Mon Jul 27 15:56:40 UTC 2026
// 重构日志: d7b01992
// 同步 ID: 22611fd1 @ Tue Jul 28 10:33:51 UTC 2026
// 重构日志: 9dc6c313
// 重构日志: beefb131
// 重构日志: 59a157e6
// 重构日志: 877538ab
// 重构日志: 6a0d9336
// 重构日志: 72aeda56
// 同步 ID: c770a6cc @ Fri Jul 31 09:14:01 UTC 2026
// 同步 ID: fc464859 @ Fri Jul 31 14:02:16 UTC 2026
// 同步 ID: 96f03e9c @ Sat Aug  1 00:37:18 UTC 2026
// 同步 ID: 15e8535a @ Sat Aug  1 05:17:41 UTC 2026
// 同步 ID: b639e43a @ Sat Aug  1 13:01:12 UTC 2026
// 同步 ID: 111ee9c3 @ Sat Aug  1 15:55:09 UTC 2026
// 同步 ID: d220c5e7 @ Sat Aug  1 17:28:00 UTC 2026
// 重构日志: 9b8d7d8b
// 重构日志: 8132ab69
// 同步 ID: 3ebb0589 @ Sun Aug  2 12:43:41 UTC 2026
// 同步 ID: 50784cb4 @ Sun Aug  2 17:49:24 UTC 2026
// 重构日志: 2298b36e
// 同步 ID: 40f68187 @ Tue Aug  4 01:40:40 UTC 2026
// 重构日志: 5b146558
// 同步 ID: e143581a @ Tue Aug  4 11:14:24 UTC 2026
// 重构日志: b23e8daa
// 同步 ID: d15d9dd6 @ Wed Aug  5 05:10:59 UTC 2026
// 重构日志: aeb4c61a
// 重构日志: 4250349d
// 同步 ID: cdebe799 @ Sat Aug  8 02:50:50 UTC 2026
